
> web@0.1.0 test
> jest

FAIL src/__tests__/profile.test.ts
  ● Console

    console.error
      Error getting user: Error: Auth error
          at Object.<anonymous> (/Users/eeliasricardoo/Desktop/work/Terapia/src/__tests__/profile.test.ts:52:16)
          at Promise.finally.completed (/Users/eeliasricardoo/Desktop/work/Terapia/node_modules/jest-circus/build/jestAdapterInit.js:1557:28)
          at new Promise (<anonymous>)
          at callAsyncCircusFn (/Users/eeliasricardoo/Desktop/work/Terapia/node_modules/jest-circus/build/jestAdapterInit.js:1497:10)
          at _callCircusTest (/Users/eeliasricardoo/Desktop/work/Terapia/node_modules/jest-circus/build/jestAdapterInit.js:1007:40)
          at processTicksAndRejections (node:internal/process/task_queues:95:5)
          at _runTest (/Users/eeliasricardoo/Desktop/work/Terapia/node_modules/jest-circus/build/jestAdapterInit.js:947:3)
          at /Users/eeliasricardoo/Desktop/work/Terapia/node_modules/jest-circus/build/jestAdapterInit.js:849:7
          at _runTestsForDescribeBlock (/Users/eeliasricardoo/Desktop/work/Terapia/node_modules/jest-circus/build/jestAdapterInit.js:862:11)
          at _runTestsForDescribeBlock (/Users/eeliasricardoo/Desktop/work/Terapia/node_modules/jest-circus/build/jestAdapterInit.js:857:11)
          at _runTestsForDescribeBlock (/Users/eeliasricardoo/Desktop/work/Terapia/node_modules/jest-circus/build/jestAdapterInit.js:857:11)
          at run (/Users/eeliasricardoo/Desktop/work/Terapia/node_modules/jest-circus/build/jestAdapterInit.js:761:3)
          at runAndTransformResultsToJestFormat (/Users/eeliasricardoo/Desktop/work/Terapia/node_modules/jest-circus/build/jestAdapterInit.js:1918:21)
          at jestAdapter (/Users/eeliasricardoo/Desktop/work/Terapia/node_modules/jest-circus/build/runner.js:101:19)
          at runTestInternal (/Users/eeliasricardoo/Desktop/work/Terapia/node_modules/jest-runner/build/testWorker.js:275:16)
          at runTest (/Users/eeliasricardoo/Desktop/work/Terapia/node_modules/jest-runner/build/testWorker.js:343:7)
          at Object.worker (/Users/eeliasricardoo/Desktop/work/Terapia/node_modules/jest-runner/build/testWorker.js:497:12)

      18 |
      19 |   if (authError || !user) {
    > 20 |     console.error('Error getting user:', authError)
         |             ^
      21 |     return null
      22 |   }
      23 |

      at error (src/lib/actions/profile.ts:20:13)
      at Object.<anonymous> (src/__tests__/profile.test.ts:54:22)

    console.error
      Error auto-syncing profile (Prisma/General): TypeError: Cannot read properties of undefined (reading 'create')
          at create (/Users/eeliasricardoo/Desktop/work/Terapia/src/lib/actions/profile.ts:43:47)
          at processTicksAndRejections (node:internal/process/task_queues:95:5)
          at Object.<anonymous> (/Users/eeliasricardoo/Desktop/work/Terapia/src/__tests__/profile.test.ts:79:22)

      54 |       }
      55 |     } catch (err) {
    > 56 |       console.error('Error auto-syncing profile (Prisma/General):', err)
         |               ^
      57 |     }
      58 |   } else if (error) {
      59 |     console.error('Error fetching user profile:', error)

      at error (src/lib/actions/profile.ts:56:15)
      at Object.<anonymous> (src/__tests__/profile.test.ts:79:22)

    console.log
      DEBUG: Both profile data and userInDb are null

      at log (src/lib/actions/profile.ts:79:39)

    console.error
      Error updating profile: { message: 'DB Issue' }

      115 |
      116 |   if (error) {
    > 117 |     console.error('Error updating profile:', error)
          |             ^
      118 |     return { success: false, error: error.message }
      119 |   }
      120 |

      at error (src/lib/actions/profile.ts:117:13)
      at Object.<anonymous> (src/__tests__/profile.test.ts:146:22)

  ● profile actions › getCurrentUserProfile › should recreate missing profile automatically

    expect(jest.fn()).toHaveBeenCalledWith(...expected)

    Expected: ObjectContaining {"full_name": "Test User", "role": "PATIENT", "user_id": "user-1"}

    Number of calls: 0

      89 |       // Supabase relative data
      90 |       expect(mockSupabase.from).toHaveBeenCalledWith('profiles')
    > 91 |       expect(mockSupabase.insert).toHaveBeenCalledWith(
         |                                   ^
      92 |         expect.objectContaining({
      93 |           user_id: mockUser.id,
      94 |           full_name: 'Test User',

      at Object.toHaveBeenCalledWith (src/__tests__/profile.test.ts:91:35)

  ● profile actions › getCurrentUserProfile › should auto-sync role if user table diffs from profile

    expect(jest.fn()).toHaveBeenCalledWith(...expected)

    Expected: {"data": {"role": "PSYCHOLOGIST"}, "where": {"id": "user-1"}}

    Number of calls: 0

      111 |       const result = await getCurrentUserProfile()
      112 |
    > 113 |       expect(prisma.user.update).toHaveBeenCalledWith({
          |                                  ^
      114 |         where: { id: 'user-1' },
      115 |         data: { role: 'PSYCHOLOGIST' },
      116 |       })

      at Object.toHaveBeenCalledWith (src/__tests__/profile.test.ts:113:34)

PASS src/__tests__/messages.test.ts
  ● Console

    console.error
      Error sending message: Error: DB error
          at Object.<anonymous> (/Users/eeliasricardoo/Desktop/work/Terapia/src/__tests__/messages.test.ts:174:63)
          at Promise.finally.completed (/Users/eeliasricardoo/Desktop/work/Terapia/node_modules/jest-circus/build/jestAdapterInit.js:1557:28)
          at new Promise (<anonymous>)
          at callAsyncCircusFn (/Users/eeliasricardoo/Desktop/work/Terapia/node_modules/jest-circus/build/jestAdapterInit.js:1497:10)
          at _callCircusTest (/Users/eeliasricardoo/Desktop/work/Terapia/node_modules/jest-circus/build/jestAdapterInit.js:1007:40)
          at processTicksAndRejections (node:internal/process/task_queues:95:5)
          at _runTest (/Users/eeliasricardoo/Desktop/work/Terapia/node_modules/jest-circus/build/jestAdapterInit.js:947:3)
          at /Users/eeliasricardoo/Desktop/work/Terapia/node_modules/jest-circus/build/jestAdapterInit.js:849:7
          at _runTestsForDescribeBlock (/Users/eeliasricardoo/Desktop/work/Terapia/node_modules/jest-circus/build/jestAdapterInit.js:862:11)
          at _runTestsForDescribeBlock (/Users/eeliasricardoo/Desktop/work/Terapia/node_modules/jest-circus/build/jestAdapterInit.js:857:11)
          at _runTestsForDescribeBlock (/Users/eeliasricardoo/Desktop/work/Terapia/node_modules/jest-circus/build/jestAdapterInit.js:857:11)
          at run (/Users/eeliasricardoo/Desktop/work/Terapia/node_modules/jest-circus/build/jestAdapterInit.js:761:3)
          at runAndTransformResultsToJestFormat (/Users/eeliasricardoo/Desktop/work/Terapia/node_modules/jest-circus/build/jestAdapterInit.js:1918:21)
          at jestAdapter (/Users/eeliasricardoo/Desktop/work/Terapia/node_modules/jest-circus/build/runner.js:101:19)
          at runTestInternal (/Users/eeliasricardoo/Desktop/work/Terapia/node_modules/jest-runner/build/testWorker.js:275:16)
          at runTest (/Users/eeliasricardoo/Desktop/work/Terapia/node_modules/jest-runner/build/testWorker.js:343:7)
          at Object.worker (/Users/eeliasricardoo/Desktop/work/Terapia/node_modules/jest-runner/build/testWorker.js:497:12)

      152 |     return { success: true, messageId: message.id }
      153 |   } catch (error) {
    > 154 |     console.error('Error sending message:', error)
          |             ^
      155 |     return { success: false, error: 'Erro ao enviar mensagem' }
      156 |   }
      157 | }

      at error (src/lib/actions/messages.ts:154:13)
      at Object.<anonymous> (src/__tests__/messages.test.ts:176:22)

PASS src/__tests__/onboarding.test.ts
  ● Console

    console.error
      Error updating profile: { message: 'Profile update failed' }

      61 |
      62 |     if (profileError) {
    > 63 |       console.error('Error updating profile:', profileError)
         |               ^
      64 |       return { success: false, error: 'Erro ao atualizar perfil básico' }
      65 |     }
      66 |

      at error (src/lib/actions/onboarding.ts:63:15)
      at Object.<anonymous> (src/__tests__/onboarding.test.ts:93:22)

PASS src/__tests__/dashboard.test.ts
PASS src/__tests__/availability.test.ts
  ● Console

    console.error
      Error fetching psychologist availability: { message: 'Not found' }

      223 |
      224 |   if (profileError || !profile) {
    > 225 |     console.error('Error fetching psychologist availability:', profileError)
          |             ^
      226 |     return null
      227 |   }
      228 |

      at error (src/lib/actions/availability.ts:225:13)
      at Object.<anonymous> (src/__tests__/availability.test.ts:71:22)

PASS src/__tests__/diary.test.ts
PASS src/__tests__/evolutions.test.ts
PASS src/__tests__/security.test.ts
PASS src/__tests__/stripe.test.ts
PASS src/__tests__/supabase-connection.test.ts
PASS src/__tests__/date-utils.test.ts
PASS src/__tests__/patients.test.ts
PASS src/__tests__/profile-actions.test.ts
  ● Console

    console.error
      Update Error: { message: 'Update failed' }

      183 |
      184 |     if (updateError) {
    > 185 |       console.error('Update Error:', updateError)
          |               ^
      186 |       return { error: `Erro ao atualizar perfil: ${updateError.message}` }
      187 |     }
      188 |

      at error (src/app/dashboard/perfil/actions.ts:185:15)
      at Object.<anonymous> (src/__tests__/profile-actions.test.ts:141:22)

PASS src/__tests__/sessions.test.ts
PASS src/__tests__/financial.test.ts
PASS src/__tests__/registration.test.tsx
PASS src/__tests__/landing.test.tsx

Test Suites: 1 failed, 16 passed, 17 total
Tests:       2 failed, 105 passed, 107 total
Snapshots:   0 total
Time:        4.238 s
Ran all test suites.
